{"timestamp":"2026-09-11T13:02:22.931614","level":"info","event":"DAG bundles loaded: dags-folder","logger":"airflow.dag_processing.bundles.manager.DagBundlesManager"}
{"timestamp":"2026-09-11T13:02:22.932577","level":"info","event":"Filling up the DagBag from /opt/airflow/dags/monthly_data_pipeline.py","logger":"airflow.models.dagbag.DagBag"}
{"timestamp":"2026-09-11T13:02:22.959775","level":"info","event":"Tmp dir root location: /tmp","logger":"airflow.task.hooks.airflow.providers.standard.hooks.subprocess.SubprocessHook"}
{"timestamp":"2026-09-11T13:02:22.960518","level":"info","event":"Running command: ['/usr/bin/bash', '-c', 'cd /app && python main.py files']","logger":"airflow.task.hooks.airflow.providers.standard.hooks.subprocess.SubprocessHook"}
{"timestamp":"2026-09-11T13:02:22.974051","level":"info","event":"Output:","logger":"airflow.task.hooks.airflow.providers.standard.hooks.subprocess.SubprocessHook"}
{"timestamp":"2026-09-11T13:02:25.783724","level":"info","event":"INFO:__main__:База данных готова","logger":"airflow.task.hooks.airflow.providers.standard.hooks.subprocess.SubprocessHook"}
{"timestamp":"2026-09-11T13:02:25.786096","level":"info","event":"INFO:__main__:Начинаем обработку файлов из /app/data","logger":"airflow.task.hooks.airflow.providers.standard.hooks.subprocess.SubprocessHook"}
{"timestamp":"2026-09-11T13:02:25.786477","level":"info","event":"INFO:__main__:Обработка файла aircraft_reference.csv","logger":"airflow.task.hooks.airflow.providers.standard.hooks.subprocess.SubprocessHook"}
{"timestamp":"2026-09-11T13:02:25.786596","level":"info","event":"WARNING:etl.extract.csv_source:Ошибка чтения utf-8 кодировкой","logger":"airflow.task.hooks.airflow.providers.standard.hooks.subprocess.SubprocessHook"}
{"timestamp":"2026-09-11T13:02:25.789230","level":"info","event":"INFO:etl.extract.csv_source:Успешно прочитал aircraft_reference.csv с кодировкой cp1251","logger":"airflow.task.hooks.airflow.providers.standard.hooks.subprocess.SubprocessHook"}
{"timestamp":"2026-09-11T13:02:25.791010","level":"info","event":"INFO:etl.load.raw_load:Загрузка 46 строк в raw.aircraft_reference","logger":"airflow.task.hooks.airflow.providers.standard.hooks.subprocess.SubprocessHook"}
{"timestamp":"2026-09-11T13:02:25.792361","level":"info","event":"INFO:etl.load.raw_load:Очистака таблицы raw.aircraft_reference","logger":"airflow.task.hooks.airflow.providers.standard.hooks.subprocess.SubprocessHook"}
{"timestamp":"2026-09-11T13:02:25.835673","level":"info","event":"INFO:etl.load.raw_load:Успешно загружено 46 строк в raw.aircraft_reference","logger":"airflow.task.hooks.airflow.providers.standard.hooks.subprocess.SubprocessHook"}
{"timestamp":"2026-09-11T13:02:25.835851","level":"info","event":"INFO:__main__:Файл aircraft_reference.csv успешно загружен","logger":"airflow.task.hooks.airflow.providers.standard.hooks.subprocess.SubprocessHook"}
{"timestamp":"2026-09-11T13:02:25.835944","level":"info","event":"INFO:__main__:Обработка файла airlines.csv","logger":"airflow.task.hooks.airflow.providers.standard.hooks.subprocess.SubprocessHook"}
{"timestamp":"2026-09-11T13:02:25.860030","level":"info","event":"INFO:etl.extract.csv_source:Успешно прочитал airlines.csv с кодировкой utf-8","logger":"airflow.task.hooks.airflow.providers.standard.hooks.subprocess.SubprocessHook"}
{"timestamp":"2026-09-11T13:02:25.860633","level":"info","event":"INFO:etl.load.raw_load:Загрузка 6161 строк в raw.airlines","logger":"airflow.task.hooks.airflow.providers.standard.hooks.subprocess.SubprocessHook"}
{"timestamp":"2026-09-11T13:02:25.874367","level":"info","event":"INFO:etl.load.raw_load:Очистака таблицы raw.airlines","logger":"airflow.task.hooks.airflow.providers.standard.hooks.subprocess.SubprocessHook"}
{"timestamp":"2026-09-11T13:02:26.486199","level":"info","event":"INFO:etl.load.raw_load:Успешно загружено 6161 строк в raw.airlines","logger":"airflow.task.hooks.airflow.providers.standard.hooks.subprocess.SubprocessHook"}
{"timestamp":"2026-09-11T13:02:26.486354","level":"info","event":"INFO:__main__:Файл airlines.csv успешно загружен","logger":"airflow.task.hooks.airflow.providers.standard.hooks.subprocess.SubprocessHook"}
{"timestamp":"2026-09-11T13:02:26.486392","level":"info","event":"INFO:__main__:Обработка файла flights_2025.parquet","logger":"airflow.task.hooks.airflow.providers.standard.hooks.subprocess.SubprocessHook"}
{"timestamp":"2026-09-11T13:02:26.486464","level":"info","event":"INFO:etl.extract.parquet_source:Чтение parquet файла: flights_2025.parquet","logger":"airflow.task.hooks.airflow.providers.standard.hooks.subprocess.SubprocessHook"}
{"timestamp":"2026-09-11T13:02:26.698288","level":"info","event":"INFO:etl.extract.parquet_source:Загружено 80 строк, 8 колонок","logger":"airflow.task.hooks.airflow.providers.standard.hooks.subprocess.SubprocessHook"}
{"timestamp":"2026-09-11T13:02:26.699130","level":"info","event":"INFO:etl.load.raw_load:Загрузка 80 строк в raw.flights_2025","logger":"airflow.task.hooks.airflow.providers.standard.hooks.subprocess.SubprocessHook"}
{"timestamp":"2026-09-11T13:02:26.701069","level":"info","event":"INFO:etl.load.raw_load:Очистака таблицы raw.flights_2025","logger":"airflow.task.hooks.airflow.providers.standard.hooks.subprocess.SubprocessHook"}
{"timestamp":"2026-09-11T13:02:27.031147","level":"info","event":"INFO:etl.load.raw_load:Успешно загружено 80 строк в raw.flights_2025","logger":"airflow.task.hooks.airflow.providers.standard.hooks.subprocess.SubprocessHook"}
{"timestamp":"2026-09-11T13:02:27.031397","level":"info","event":"INFO:__main__:Файл flights_2025.parquet успешно загружен","logger":"airflow.task.hooks.airflow.providers.standard.hooks.subprocess.SubprocessHook"}
{"timestamp":"2026-09-11T13:02:27.031521","level":"info","event":"INFO:__main__:Обработка файла weather_hourly_history.json","logger":"airflow.task.hooks.airflow.providers.standard.hooks.subprocess.SubprocessHook"}
{"timestamp":"2026-09-11T13:02:27.032066","level":"info","event":"INFO:etl.extract.json_source:Начинаем чтение файла weather_hourly_history.json","logger":"airflow.task.hooks.airflow.providers.standard.hooks.subprocess.SubprocessHook"}
{"timestamp":"2026-09-11T13:02:27.034718","level":"info","event":"INFO:etl.extract.json_source:Загружено 1 строк, 1 колонок","logger":"airflow.task.hooks.airflow.providers.standard.hooks.subprocess.SubprocessHook"}
{"timestamp":"2026-09-11T13:02:27.035401","level":"info","event":"INFO:etl.load.raw_load:Загрузка 1 строк в raw.weather_hourly_history","logger":"airflow.task.hooks.airflow.providers.standard.hooks.subprocess.SubprocessHook"}
{"timestamp":"2026-09-11T13:02:27.035601","level":"info","event":"INFO:etl.load.raw_load:Преобразование столбца weather_data в JSON","logger":"airflow.task.hooks.airflow.providers.standard.hooks.subprocess.SubprocessHook"}
{"timestamp":"2026-09-11T13:02:27.038036","level":"info","event":"INFO:etl.load.raw_load:Очистака таблицы raw.weather_hourly_history","logger":"airflow.task.hooks.airflow.providers.standard.hooks.subprocess.SubprocessHook"}
{"timestamp":"2026-09-11T13:02:27.051216","level":"info","event":"INFO:etl.load.raw_load:Успешно загружено 1 строк в raw.weather_hourly_history","logger":"airflow.task.hooks.airflow.providers.standard.hooks.subprocess.SubprocessHook"}
{"timestamp":"2026-09-11T13:02:27.051361","level":"info","event":"INFO:__main__:Файл weather_hourly_history.json успешно загружен","logger":"airflow.task.hooks.airflow.providers.standard.hooks.subprocess.SubprocessHook"}
{"timestamp":"2026-09-11T13:02:27.051416","level":"info","event":"INFO:__main__:Обработка файла airports.csv","logger":"airflow.task.hooks.airflow.providers.standard.hooks.subprocess.SubprocessHook"}
{"timestamp":"2026-09-11T13:02:27.074550","level":"info","event":"INFO:etl.extract.csv_source:Успешно прочитал airports.csv с кодировкой utf-8","logger":"airflow.task.hooks.airflow.providers.standard.hooks.subprocess.SubprocessHook"}
{"timestamp":"2026-09-11T13:02:27.075303","level":"info","event":"INFO:etl.load.raw_load:Загрузка 7676 строк в raw.airports","logger":"airflow.task.hooks.airflow.providers.standard.hooks.subprocess.SubprocessHook"}
{"timestamp":"2026-09-11T13:02:27.112959","level":"info","event":"INFO:etl.load.raw_load:Очистака таблицы raw.airports","logger":"airflow.task.hooks.airflow.providers.standard.hooks.subprocess.SubprocessHook"}
{"timestamp":"2026-09-11T13:02:28.475594","level":"info","event":"INFO:etl.load.raw_load:Успешно загружено 7676 строк в raw.airports","logger":"airflow.task.hooks.airflow.providers.standard.hooks.subprocess.SubprocessHook"}
{"timestamp":"2026-09-11T13:02:28.477706","level":"info","event":"INFO:__main__:Файл airports.csv успешно загружен","logger":"airflow.task.hooks.airflow.providers.standard.hooks.subprocess.SubprocessHook"}
{"timestamp":"2026-09-11T13:02:28.659240","level":"info","event":"Command exited with return code 0","logger":"airflow.task.hooks.airflow.providers.standard.hooks.subprocess.SubprocessHook"}
{"timestamp":"2026-09-11T13:02:28.661865","level":"info","event":"Pushing xcom","ti":"RuntimeTaskInstance(id=UUID('01a0908f-d991-7f1e-99d4-6e5cb2f22eb8'), task_id='load_files', dag_id='monthly_data_pipeline', run_id='manual__2026-09-11T13:02:21.564547+00:00', try_number=1, map_index=-1, hostname='8c99e5d4b048', context_carrier=None, task=<Task(BashOperator): load_files>, bundle_instance=LocalDagBundle(name=dags-folder), max_tries=0, start_date=datetime.datetime(2026, 9, 11, 13, 2, 22, 420577, tzinfo=TzInfo(UTC)), end_date=None, state=<TaskInstanceState.RUNNING: 'running'>, is_mapped=False, rendered_map_index=None)","logger":"task"}
