{"timestamp":"2026-09-11T13:10:34.808464","level":"info","event":"DAG bundles loaded: dags-folder","logger":"airflow.dag_processing.bundles.manager.DagBundlesManager"}
{"timestamp":"2026-09-11T13:10:34.809131","level":"info","event":"Filling up the DagBag from /opt/airflow/dags/monthly_data_pipeline.py","logger":"airflow.models.dagbag.DagBag"}
{"timestamp":"2026-09-11T13:10:34.827566","level":"info","event":"Tmp dir root location: /tmp","logger":"airflow.task.hooks.airflow.providers.standard.hooks.subprocess.SubprocessHook"}
{"timestamp":"2026-09-11T13:10:34.828917","level":"info","event":"Running command: ['/usr/bin/bash', '-c', 'cd /app/flight_dbt && dbt run']","logger":"airflow.task.hooks.airflow.providers.standard.hooks.subprocess.SubprocessHook"}
{"timestamp":"2026-09-11T13:10:34.839492","level":"info","event":"Output:","logger":"airflow.task.hooks.airflow.providers.standard.hooks.subprocess.SubprocessHook"}
{"timestamp":"2026-09-11T13:10:36.456567","level":"info","event":"\u001b[0m13:10:36  Running with dbt=1.12.4","logger":"airflow.task.hooks.airflow.providers.standard.hooks.subprocess.SubprocessHook"}
{"timestamp":"2026-09-11T13:10:36.608567","level":"info","event":"\u001b[0m13:10:36  Registered adapter: postgres=1.11.0","logger":"airflow.task.hooks.airflow.providers.standard.hooks.subprocess.SubprocessHook"}
{"timestamp":"2026-09-11T13:10:36.765991","level":"info","event":"\u001b[0m13:10:36  Unable to do partial parsing because of a version mismatch","logger":"airflow.task.hooks.airflow.providers.standard.hooks.subprocess.SubprocessHook"}
{"timestamp":"2026-09-11T13:10:37.887272","level":"info","event":"\u001b[0m13:10:37  [\u001b[33mWARNING\u001b[0m][MissingArgumentsPropertyInGenericTestDeprecation]: Deprecated","logger":"airflow.task.hooks.airflow.providers.standard.hooks.subprocess.SubprocessHook"}
{"timestamp":"2026-09-11T13:10:37.887436","level":"info","event":"functionality","logger":"airflow.task.hooks.airflow.providers.standard.hooks.subprocess.SubprocessHook"}
{"timestamp":"2026-09-11T13:10:37.887464","level":"info","event":"Found top-level arguments to test `relationships` defined on 'fact_weather' in","logger":"airflow.task.hooks.airflow.providers.standard.hooks.subprocess.SubprocessHook"}
{"timestamp":"2026-09-11T13:10:37.887496","level":"info","event":"package 'flight_dbt' (models/core/facts/fact_weather.yml). Arguments to generic","logger":"airflow.task.hooks.airflow.providers.standard.hooks.subprocess.SubprocessHook"}
{"timestamp":"2026-09-11T13:10:37.887544","level":"info","event":"tests should be nested under the `arguments` property.","logger":"airflow.task.hooks.airflow.providers.standard.hooks.subprocess.SubprocessHook"}
{"timestamp":"2026-09-11T13:10:38.181257","level":"info","event":"\u001b[0m13:10:38  Found 16 models, 1 snapshot, 1 analysis, 87 data tests, 1 seed, 7 sources, 599 macros, 1 unit test","logger":"airflow.task.hooks.airflow.providers.standard.hooks.subprocess.SubprocessHook"}
{"timestamp":"2026-09-11T13:10:38.183304","level":"info","event":"\u001b[0m13:10:38","logger":"airflow.task.hooks.airflow.providers.standard.hooks.subprocess.SubprocessHook"}
{"timestamp":"2026-09-11T13:10:38.183625","level":"info","event":"\u001b[0m13:10:38  Concurrency: 4 threads (target='default')","logger":"airflow.task.hooks.airflow.providers.standard.hooks.subprocess.SubprocessHook"}
{"timestamp":"2026-09-11T13:10:38.183860","level":"info","event":"\u001b[0m13:10:38","logger":"airflow.task.hooks.airflow.providers.standard.hooks.subprocess.SubprocessHook"}
{"timestamp":"2026-09-11T13:10:38.299298","level":"info","event":"\u001b[0m13:10:38  1 of 16 START sql table model analytics_staging.stg_aerodatabox_arrivals ....... [RUN]","logger":"airflow.task.hooks.airflow.providers.standard.hooks.subprocess.SubprocessHook"}
{"timestamp":"2026-09-11T13:10:38.299796","level":"info","event":"\u001b[0m13:10:38  2 of 16 START sql table model analytics_staging.stg_aerodatabox_departures ..... [RUN]","logger":"airflow.task.hooks.airflow.providers.standard.hooks.subprocess.SubprocessHook"}
{"timestamp":"2026-09-11T13:10:38.300100","level":"info","event":"\u001b[0m13:10:38  3 of 16 START sql table model analytics_staging.stg_aircraft_reference ......... [RUN]","logger":"airflow.task.hooks.airflow.providers.standard.hooks.subprocess.SubprocessHook"}
{"timestamp":"2026-09-11T13:10:38.300746","level":"info","event":"\u001b[0m13:10:38  4 of 16 START sql table model analytics_staging.stg_airlines ................... [RUN]","logger":"airflow.task.hooks.airflow.providers.standard.hooks.subprocess.SubprocessHook"}
{"timestamp":"2026-09-11T13:10:38.400138","level":"info","event":"\u001b[0m13:10:38  2 of 16 OK created sql table model analytics_staging.stg_aerodatabox_departures  [\u001b[32mSELECT 328\u001b[0m in 0.10s]","logger":"airflow.task.hooks.airflow.providers.standard.hooks.subprocess.SubprocessHook"}
{"timestamp":"2026-09-11T13:10:38.400489","level":"info","event":"\u001b[0m13:10:38  3 of 16 OK created sql table model analytics_staging.stg_aircraft_reference .... [\u001b[32mSELECT 46\u001b[0m in 0.10s]","logger":"airflow.task.hooks.airflow.providers.standard.hooks.subprocess.SubprocessHook"}
{"timestamp":"2026-09-11T13:10:38.400917","level":"info","event":"\u001b[0m13:10:38  1 of 16 OK created sql table model analytics_staging.stg_aerodatabox_arrivals .. [\u001b[32mSELECT 329\u001b[0m in 0.10s]","logger":"airflow.task.hooks.airflow.providers.standard.hooks.subprocess.SubprocessHook"}
{"timestamp":"2026-09-11T13:10:38.402860","level":"info","event":"\u001b[0m13:10:38  4 of 16 OK created sql table model analytics_staging.stg_airlines .............. [\u001b[32mSELECT 6161\u001b[0m in 0.10s]","logger":"airflow.task.hooks.airflow.providers.standard.hooks.subprocess.SubprocessHook"}
{"timestamp":"2026-09-11T13:10:38.404410","level":"info","event":"\u001b[0m13:10:38  5 of 16 START sql table model analytics_staging.stg_airports ................... [RUN]","logger":"airflow.task.hooks.airflow.providers.standard.hooks.subprocess.SubprocessHook"}
{"timestamp":"2026-09-11T13:10:38.404712","level":"info","event":"\u001b[0m13:10:38  6 of 16 START sql table model analytics_staging.stg_parquet_arrivals ........... [RUN]","logger":"airflow.task.hooks.airflow.providers.standard.hooks.subprocess.SubprocessHook"}
{"timestamp":"2026-09-11T13:10:38.405012","level":"info","event":"\u001b[0m13:10:38  7 of 16 START sql table model analytics_staging.stg_parquet_departures ......... [RUN]","logger":"airflow.task.hooks.airflow.providers.standard.hooks.subprocess.SubprocessHook"}
{"timestamp":"2026-09-11T13:10:38.406547","level":"info","event":"\u001b[0m13:10:38  8 of 16 START sql table model analytics_staging.stg_weather_api ................ [RUN]","logger":"airflow.task.hooks.airflow.providers.standard.hooks.subprocess.SubprocessHook"}
{"timestamp":"2026-09-11T13:10:38.443756","level":"info","event":"\u001b[0m13:10:38  8 of 16 OK created sql table model analytics_staging.stg_weather_api ........... [\u001b[32mSELECT 48\u001b[0m in 0.04s]","logger":"airflow.task.hooks.airflow.providers.standard.hooks.subprocess.SubprocessHook"}
{"timestamp":"2026-09-11T13:10:38.445485","level":"info","event":"\u001b[0m13:10:38  9 of 16 START sql table model analytics_staging.stg_weather_history ............ [RUN]","logger":"airflow.task.hooks.airflow.providers.standard.hooks.subprocess.SubprocessHook"}
{"timestamp":"2026-09-11T13:10:38.505255","level":"info","event":"\u001b[0m13:10:38  5 of 16 OK created sql table model analytics_staging.stg_airports .............. [\u001b[32mSELECT 7676\u001b[0m in 0.10s]","logger":"airflow.task.hooks.airflow.providers.standard.hooks.subprocess.SubprocessHook"}
{"timestamp":"2026-09-11T13:10:38.507095","level":"info","event":"\u001b[0m13:10:38  10 of 16 START sql table model analytics_core.dim_aircraft ..................... [RUN]","logger":"airflow.task.hooks.airflow.providers.standard.hooks.subprocess.SubprocessHook"}
{"timestamp":"2026-09-11T13:10:38.579223","level":"info","event":"\u001b[0m13:10:38  10 of 16 OK created sql table model analytics_core.dim_aircraft ................ [\u001b[32mSELECT 46\u001b[0m in 0.07s]","logger":"airflow.task.hooks.airflow.providers.standard.hooks.subprocess.SubprocessHook"}
{"timestamp":"2026-09-11T13:10:38.583062","level":"info","event":"\u001b[0m13:10:38  11 of 16 START sql table model analytics_core.dim_airlines ..................... [RUN]","logger":"airflow.task.hooks.airflow.providers.standard.hooks.subprocess.SubprocessHook"}
{"timestamp":"2026-09-11T13:10:38.800020","level":"info","event":"\u001b[0m13:10:38  11 of 16 OK created sql table model analytics_core.dim_airlines ................ [\u001b[32mSELECT 6159\u001b[0m in 0.21s]","logger":"airflow.task.hooks.airflow.providers.standard.hooks.subprocess.SubprocessHook"}
{"timestamp":"2026-09-11T13:10:38.804455","level":"info","event":"\u001b[0m13:10:38  12 of 16 START sql table model analytics_core.dim_airports ..................... [RUN]","logger":"airflow.task.hooks.airflow.providers.standard.hooks.subprocess.SubprocessHook"}
{"timestamp":"2026-09-11T13:10:38.866651","level":"info","event":"\u001b[0m13:10:38  12 of 16 OK created sql table model analytics_core.dim_airports ................ [\u001b[32mSELECT 7676\u001b[0m in 0.06s]","logger":"airflow.task.hooks.airflow.providers.standard.hooks.subprocess.SubprocessHook"}
{"timestamp":"2026-09-11T13:10:38.941438","level":"info","event":"\u001b[0m13:10:38  6 of 16 OK created sql table model analytics_staging.stg_parquet_arrivals ...... [\u001b[32mSELECT 6968\u001b[0m in 0.53s]","logger":"airflow.task.hooks.airflow.providers.standard.hooks.subprocess.SubprocessHook"}
{"timestamp":"2026-09-11T13:10:38.965337","level":"info","event":"\u001b[0m13:10:38  7 of 16 OK created sql table model analytics_staging.stg_parquet_departures .... [\u001b[32mSELECT 6999\u001b[0m in 0.56s]","logger":"airflow.task.hooks.airflow.providers.standard.hooks.subprocess.SubprocessHook"}
{"timestamp":"2026-09-11T13:10:38.969854","level":"info","event":"\u001b[0m13:10:38  13 of 16 START sql incremental model analytics_core.fact_flights ............... [RUN]","logger":"airflow.task.hooks.airflow.providers.standard.hooks.subprocess.SubprocessHook"}
{"timestamp":"2026-09-11T13:10:39.146749","level":"info","event":"\u001b[0m13:10:39  13 of 16 OK created sql incremental model analytics_core.fact_flights .......... [\u001b[32mSELECT 14562\u001b[0m in 0.18s]","logger":"airflow.task.hooks.airflow.providers.standard.hooks.subprocess.SubprocessHook"}
{"timestamp":"2026-09-11T13:10:39.362114","level":"info","event":"\u001b[0m13:10:39  9 of 16 OK created sql table model analytics_staging.stg_weather_history ....... [\u001b[32mSELECT 4176\u001b[0m in 0.92s]","logger":"airflow.task.hooks.airflow.providers.standard.hooks.subprocess.SubprocessHook"}
{"timestamp":"2026-09-11T13:10:39.365733","level":"info","event":"\u001b[0m13:10:39  14 of 16 START sql incremental model analytics_core.fact_weather ............... [RUN]","logger":"airflow.task.hooks.airflow.providers.standard.hooks.subprocess.SubprocessHook"}
{"timestamp":"2026-09-11T13:10:39.407219","level":"info","event":"\u001b[0m13:10:39  14 of 16 OK created sql incremental model analytics_core.fact_weather .......... [\u001b[32mSELECT 2232\u001b[0m in 0.04s]","logger":"airflow.task.hooks.airflow.providers.standard.hooks.subprocess.SubprocessHook"}
{"timestamp":"2026-09-11T13:10:39.408715","level":"info","event":"\u001b[0m13:10:39  15 of 16 START sql table model analytics_marts.mart_weather_flight_impact ...... [RUN]","logger":"airflow.task.hooks.airflow.providers.standard.hooks.subprocess.SubprocessHook"}
{"timestamp":"2026-09-11T13:10:41.914098","level":"info","event":"\u001b[0m13:10:41  15 of 16 OK created sql table model analytics_marts.mart_weather_flight_impact . [\u001b[32mSELECT 1648\u001b[0m in 2.50s]","logger":"airflow.task.hooks.airflow.providers.standard.hooks.subprocess.SubprocessHook"}
{"timestamp":"2026-09-11T13:10:41.915896","level":"info","event":"\u001b[0m13:10:41  16 of 16 START sql table model analytics_marts.mart_weather_impact_summary ..... [RUN]","logger":"airflow.task.hooks.airflow.providers.standard.hooks.subprocess.SubprocessHook"}
{"timestamp":"2026-09-11T13:10:41.942118","level":"info","event":"\u001b[0m13:10:41  16 of 16 OK created sql table model analytics_marts.mart_weather_impact_summary  [\u001b[32mSELECT 4\u001b[0m in 0.03s]","logger":"airflow.task.hooks.airflow.providers.standard.hooks.subprocess.SubprocessHook"}
{"timestamp":"2026-09-11T13:10:41.949831","level":"info","event":"\u001b[0m13:10:41","logger":"airflow.task.hooks.airflow.providers.standard.hooks.subprocess.SubprocessHook"}
{"timestamp":"2026-09-11T13:10:41.949990","level":"info","event":"\u001b[0m13:10:41  Finished running 2 incremental models, 14 table models in 0 hours 0 minutes and 3.77 seconds (3.77s).","logger":"airflow.task.hooks.airflow.providers.standard.hooks.subprocess.SubprocessHook"}
{"timestamp":"2026-09-11T13:10:42.005239","level":"info","event":"\u001b[0m13:10:42","logger":"airflow.task.hooks.airflow.providers.standard.hooks.subprocess.SubprocessHook"}
{"timestamp":"2026-09-11T13:10:42.005709","level":"info","event":"\u001b[0m13:10:42  \u001b[32mCompleted successfully\u001b[0m","logger":"airflow.task.hooks.airflow.providers.standard.hooks.subprocess.SubprocessHook"}
{"timestamp":"2026-09-11T13:10:42.005998","level":"info","event":"\u001b[0m13:10:42","logger":"airflow.task.hooks.airflow.providers.standard.hooks.subprocess.SubprocessHook"}
{"timestamp":"2026-09-11T13:10:42.006353","level":"info","event":"\u001b[0m13:10:42  Done. PASS=16 WARN=0 ERROR=0 SKIP=0 NO-OP=0 REUSED=0 TOTAL=16","logger":"airflow.task.hooks.airflow.providers.standard.hooks.subprocess.SubprocessHook"}
{"timestamp":"2026-09-11T13:10:42.007071","level":"info","event":"\u001b[0m13:10:42  [\u001b[33mWARNING\u001b[0m][DeprecationsSummary]: Deprecated functionality","logger":"airflow.task.hooks.airflow.providers.standard.hooks.subprocess.SubprocessHook"}
{"timestamp":"2026-09-11T13:10:42.007112","level":"info","event":"Summary of encountered deprecations:","logger":"airflow.task.hooks.airflow.providers.standard.hooks.subprocess.SubprocessHook"}
{"timestamp":"2026-09-11T13:10:42.007143","level":"info","event":"- MissingArgumentsPropertyInGenericTestDeprecation: 15 occurrences","logger":"airflow.task.hooks.airflow.providers.standard.hooks.subprocess.SubprocessHook"}
{"timestamp":"2026-09-11T13:10:42.007174","level":"info","event":"To see all deprecation instances instead of just the first occurrence of each,","logger":"airflow.task.hooks.airflow.providers.standard.hooks.subprocess.SubprocessHook"}
{"timestamp":"2026-09-11T13:10:42.007197","level":"info","event":"run command again with the `--show-all-deprecations` flag. You may also need to","logger":"airflow.task.hooks.airflow.providers.standard.hooks.subprocess.SubprocessHook"}
{"timestamp":"2026-09-11T13:10:42.007214","level":"info","event":"run with `--no-partial-parse` as some deprecations are only encountered during","logger":"airflow.task.hooks.airflow.providers.standard.hooks.subprocess.SubprocessHook"}
{"timestamp":"2026-09-11T13:10:42.007235","level":"info","event":"parsing.","logger":"airflow.task.hooks.airflow.providers.standard.hooks.subprocess.SubprocessHook"}
{"timestamp":"2026-09-11T13:10:44.231769","level":"info","event":"Command exited with return code 0","logger":"airflow.task.hooks.airflow.providers.standard.hooks.subprocess.SubprocessHook"}
{"timestamp":"2026-09-11T13:10:44.233696","level":"info","event":"Pushing xcom","ti":"RuntimeTaskInstance(id=UUID('01a09097-098b-792e-9db1-b5ec8503b073'), task_id='dbt_run', dag_id='monthly_data_pipeline', run_id='manual__2026-09-11T13:10:12.592916+00:00', try_number=1, map_index=-1, hostname='0545b1a0a6df', context_carrier=None, task=<Task(BashOperator): dbt_run>, bundle_instance=LocalDagBundle(name=dags-folder), max_tries=0, start_date=datetime.datetime(2026, 9, 11, 13, 10, 34, 706816, tzinfo=TzInfo(UTC)), end_date=None, state=<TaskInstanceState.RUNNING: 'running'>, is_mapped=False, rendered_map_index=None)","logger":"task"}
