{"timestamp":"2026-09-12T04:53:27.749566","level":"info","event":"DAG bundles loaded: dags-folder","logger":"airflow.dag_processing.bundles.manager.DagBundlesManager"}
{"timestamp":"2026-09-12T04:53:27.750345","level":"info","event":"Filling up the DagBag from /opt/airflow/dags/monthly_data_pipeline.py","logger":"airflow.models.dagbag.DagBag"}
{"timestamp":"2026-09-12T04:53:27.818771","level":"info","event":"Tmp dir root location: /tmp","logger":"airflow.task.hooks.airflow.providers.standard.hooks.subprocess.SubprocessHook"}
{"timestamp":"2026-09-12T04:53:27.820053","level":"info","event":"Running command: ['/usr/bin/bash', '-c', 'cd /app && START_DATE=2026-09-10 END_DATE=2026-09-12 python main.py api']","logger":"airflow.task.hooks.airflow.providers.standard.hooks.subprocess.SubprocessHook"}
{"timestamp":"2026-09-12T04:53:27.829513","level":"info","event":"Output:","logger":"airflow.task.hooks.airflow.providers.standard.hooks.subprocess.SubprocessHook"}
{"timestamp":"2026-09-12T04:53:28.692986","level":"info","event":"INFO:__main__:База данных готова","logger":"airflow.task.hooks.airflow.providers.standard.hooks.subprocess.SubprocessHook"}
{"timestamp":"2026-09-12T04:53:28.693135","level":"info","event":"INFO:__main__:Загрузка данных API с. 2026-09-10 по 2026-09-12","logger":"airflow.task.hooks.airflow.providers.standard.hooks.subprocess.SubprocessHook"}
{"timestamp":"2026-09-12T04:53:28.693182","level":"info","event":"INFO:etl.extract.open_meteo_hourly:Запрос к Open-Meteo API: попытка 1","logger":"airflow.task.hooks.airflow.providers.standard.hooks.subprocess.SubprocessHook"}
{"timestamp":"2026-09-12T04:53:32.827332","level":"info","event":"INFO:etl.extract.open_meteo_hourly:Успешно извлечено 72 почасовых записей","logger":"airflow.task.hooks.airflow.providers.standard.hooks.subprocess.SubprocessHook"}
{"timestamp":"2026-09-12T04:53:32.828958","level":"info","event":"INFO:etl.load.open_meteo_api_load:Начало загрузки погодных данных для аэропорта HKT","logger":"airflow.task.hooks.airflow.providers.standard.hooks.subprocess.SubprocessHook"}
{"timestamp":"2026-09-12T04:53:32.841874","level":"info","event":"INFO:etl.load.open_meteo_api_load:Данные успешно загружены для аэропорта HKT","logger":"airflow.task.hooks.airflow.providers.standard.hooks.subprocess.SubprocessHook"}
{"timestamp":"2026-09-12T04:53:32.842154","level":"info","event":"INFO:etl.extract.aerodatabox_api:AeroDataBox HKT 2026-09-10T00:00 → 2026-09-10T12:00","logger":"airflow.task.hooks.airflow.providers.standard.hooks.subprocess.SubprocessHook"}
{"timestamp":"2026-09-12T04:53:35.376888","level":"info","event":"INFO:etl.extract.aerodatabox_api:AeroDataBox HKT 2026-09-10T12:00 → 2026-09-11T00:00","logger":"airflow.task.hooks.airflow.providers.standard.hooks.subprocess.SubprocessHook"}
{"timestamp":"2026-09-12T04:53:37.535675","level":"info","event":"INFO:etl.extract.aerodatabox_api:AeroDataBox HKT 2026-09-11T00:00 → 2026-09-11T12:00","logger":"airflow.task.hooks.airflow.providers.standard.hooks.subprocess.SubprocessHook"}
{"timestamp":"2026-09-12T04:53:39.241421","level":"info","event":"INFO:etl.extract.aerodatabox_api:AeroDataBox HKT 2026-09-11T12:00 → 2026-09-12T00:00","logger":"airflow.task.hooks.airflow.providers.standard.hooks.subprocess.SubprocessHook"}
{"timestamp":"2026-09-12T04:53:41.283541","level":"info","event":"INFO:etl.extract.aerodatabox_api:AeroDataBox HKT 2026-09-12T00:00 → 2026-09-12T12:00","logger":"airflow.task.hooks.airflow.providers.standard.hooks.subprocess.SubprocessHook"}
{"timestamp":"2026-09-12T04:53:43.021791","level":"info","event":"INFO:etl.extract.aerodatabox_api:AeroDataBox HKT 2026-09-12T12:00 → 2026-09-13T00:00","logger":"airflow.task.hooks.airflow.providers.standard.hooks.subprocess.SubprocessHook"}
{"timestamp":"2026-09-12T04:53:44.742987","level":"info","event":"INFO:etl.extract.aerodatabox_api:Выгрузка завершена: 6 батчей","logger":"airflow.task.hooks.airflow.providers.standard.hooks.subprocess.SubprocessHook"}
{"timestamp":"2026-09-12T04:53:44.803973","level":"info","event":"INFO:etl.load.aerodatabox_api_load:Загружено 6 батчей в raw.aerodatabox_fids_range","logger":"airflow.task.hooks.airflow.providers.standard.hooks.subprocess.SubprocessHook"}
{"timestamp":"2026-09-12T04:53:44.979963","level":"info","event":"Command exited with return code 0","logger":"airflow.task.hooks.airflow.providers.standard.hooks.subprocess.SubprocessHook"}
{"timestamp":"2026-09-12T04:53:44.984117","level":"info","event":"Pushing xcom","ti":"RuntimeTaskInstance(id=UUID('01a093f6-8a0d-77a4-865d-8d90a0bcaef4'), task_id='load_api', dag_id='monthly_data_pipeline', run_id='manual__2026-09-12T04:53:23.038093+00:00', try_number=1, map_index=-1, hostname='0545b1a0a6df', context_carrier=None, task=<Task(BashOperator): load_api>, bundle_instance=LocalDagBundle(name=dags-folder), max_tries=0, start_date=datetime.datetime(2026, 9, 12, 4, 53, 27, 674635, tzinfo=TzInfo(UTC)), end_date=None, state=<TaskInstanceState.RUNNING: 'running'>, is_mapped=False, rendered_map_index=None)","logger":"task"}
