{"timestamp":"2026-09-11T13:10:14.462162","level":"info","event":"DAG bundles loaded: dags-folder","logger":"airflow.dag_processing.bundles.manager.DagBundlesManager"}
{"timestamp":"2026-09-11T13:10:14.462809","level":"info","event":"Filling up the DagBag from /opt/airflow/dags/monthly_data_pipeline.py","logger":"airflow.models.dagbag.DagBag"}
{"timestamp":"2026-09-11T13:10:14.511569","level":"info","event":"Tmp dir root location: /tmp","logger":"airflow.task.hooks.airflow.providers.standard.hooks.subprocess.SubprocessHook"}
{"timestamp":"2026-09-11T13:10:14.514209","level":"info","event":"Running command: ['/usr/bin/bash', '-c', 'cd /app && python main.py files']","logger":"airflow.task.hooks.airflow.providers.standard.hooks.subprocess.SubprocessHook"}
{"timestamp":"2026-09-11T13:10:14.527340","level":"info","event":"Output:","logger":"airflow.task.hooks.airflow.providers.standard.hooks.subprocess.SubprocessHook"}
{"timestamp":"2026-09-11T13:10:16.831844","level":"info","event":"INFO:__main__:База данных готова","logger":"airflow.task.hooks.airflow.providers.standard.hooks.subprocess.SubprocessHook"}
{"timestamp":"2026-09-11T13:10:16.832342","level":"info","event":"INFO:__main__:Начинаем обработку файлов из /app/data","logger":"airflow.task.hooks.airflow.providers.standard.hooks.subprocess.SubprocessHook"}
{"timestamp":"2026-09-11T13:10:16.832455","level":"info","event":"INFO:__main__:Обработка файла aircraft_reference.csv","logger":"airflow.task.hooks.airflow.providers.standard.hooks.subprocess.SubprocessHook"}
{"timestamp":"2026-09-11T13:10:16.832809","level":"info","event":"WARNING:etl.extract.csv_source:Ошибка чтения utf-8 кодировкой","logger":"airflow.task.hooks.airflow.providers.standard.hooks.subprocess.SubprocessHook"}
{"timestamp":"2026-09-11T13:10:16.836098","level":"info","event":"INFO:etl.extract.csv_source:Успешно прочитал aircraft_reference.csv с кодировкой cp1251","logger":"airflow.task.hooks.airflow.providers.standard.hooks.subprocess.SubprocessHook"}
{"timestamp":"2026-09-11T13:10:16.837256","level":"info","event":"INFO:etl.load.raw_load:Загрузка 46 строк в raw.aircraft_reference","logger":"airflow.task.hooks.airflow.providers.standard.hooks.subprocess.SubprocessHook"}
{"timestamp":"2026-09-11T13:10:16.838372","level":"info","event":"INFO:etl.load.raw_load:Очистака таблицы raw.aircraft_reference","logger":"airflow.task.hooks.airflow.providers.standard.hooks.subprocess.SubprocessHook"}
{"timestamp":"2026-09-11T13:10:16.853509","level":"info","event":"INFO:etl.load.raw_load:Успешно загружено 46 строк в raw.aircraft_reference","logger":"airflow.task.hooks.airflow.providers.standard.hooks.subprocess.SubprocessHook"}
{"timestamp":"2026-09-11T13:10:16.853630","level":"info","event":"INFO:__main__:Файл aircraft_reference.csv успешно загружен","logger":"airflow.task.hooks.airflow.providers.standard.hooks.subprocess.SubprocessHook"}
{"timestamp":"2026-09-11T13:10:16.853670","level":"info","event":"INFO:__main__:Обработка файла airlines.csv","logger":"airflow.task.hooks.airflow.providers.standard.hooks.subprocess.SubprocessHook"}
{"timestamp":"2026-09-11T13:10:16.864570","level":"info","event":"INFO:etl.extract.csv_source:Успешно прочитал airlines.csv с кодировкой utf-8","logger":"airflow.task.hooks.airflow.providers.standard.hooks.subprocess.SubprocessHook"}
{"timestamp":"2026-09-11T13:10:16.865411","level":"info","event":"INFO:etl.load.raw_load:Загрузка 6161 строк в raw.airlines","logger":"airflow.task.hooks.airflow.providers.standard.hooks.subprocess.SubprocessHook"}
{"timestamp":"2026-09-11T13:10:16.876465","level":"info","event":"INFO:etl.load.raw_load:Очистака таблицы raw.airlines","logger":"airflow.task.hooks.airflow.providers.standard.hooks.subprocess.SubprocessHook"}
{"timestamp":"2026-09-11T13:10:17.306804","level":"info","event":"INFO:etl.load.raw_load:Успешно загружено 6161 строк в raw.airlines","logger":"airflow.task.hooks.airflow.providers.standard.hooks.subprocess.SubprocessHook"}
{"timestamp":"2026-09-11T13:10:17.306960","level":"info","event":"INFO:__main__:Файл airlines.csv успешно загружен","logger":"airflow.task.hooks.airflow.providers.standard.hooks.subprocess.SubprocessHook"}
{"timestamp":"2026-09-11T13:10:17.307076","level":"info","event":"INFO:__main__:Обработка файла flights_2025.parquet","logger":"airflow.task.hooks.airflow.providers.standard.hooks.subprocess.SubprocessHook"}
{"timestamp":"2026-09-11T13:10:17.307135","level":"info","event":"INFO:etl.extract.parquet_source:Чтение parquet файла: flights_2025.parquet","logger":"airflow.task.hooks.airflow.providers.standard.hooks.subprocess.SubprocessHook"}
{"timestamp":"2026-09-11T13:10:17.375782","level":"info","event":"INFO:etl.extract.parquet_source:Загружено 80 строк, 8 колонок","logger":"airflow.task.hooks.airflow.providers.standard.hooks.subprocess.SubprocessHook"}
{"timestamp":"2026-09-11T13:10:17.376479","level":"info","event":"INFO:etl.load.raw_load:Загрузка 80 строк в raw.flights_2025","logger":"airflow.task.hooks.airflow.providers.standard.hooks.subprocess.SubprocessHook"}
{"timestamp":"2026-09-11T13:10:17.378344","level":"info","event":"INFO:etl.load.raw_load:Очистака таблицы raw.flights_2025","logger":"airflow.task.hooks.airflow.providers.standard.hooks.subprocess.SubprocessHook"}
{"timestamp":"2026-09-11T13:10:17.702777","level":"info","event":"INFO:etl.load.raw_load:Успешно загружено 80 строк в raw.flights_2025","logger":"airflow.task.hooks.airflow.providers.standard.hooks.subprocess.SubprocessHook"}
{"timestamp":"2026-09-11T13:10:17.703530","level":"info","event":"INFO:__main__:Файл flights_2025.parquet успешно загружен","logger":"airflow.task.hooks.airflow.providers.standard.hooks.subprocess.SubprocessHook"}
{"timestamp":"2026-09-11T13:10:17.703806","level":"info","event":"INFO:__main__:Обработка файла weather_hourly_history.json","logger":"airflow.task.hooks.airflow.providers.standard.hooks.subprocess.SubprocessHook"}
{"timestamp":"2026-09-11T13:10:17.704458","level":"info","event":"INFO:etl.extract.json_source:Начинаем чтение файла weather_hourly_history.json","logger":"airflow.task.hooks.airflow.providers.standard.hooks.subprocess.SubprocessHook"}
{"timestamp":"2026-09-11T13:10:17.710453","level":"info","event":"INFO:etl.extract.json_source:Загружено 1 строк, 1 колонок","logger":"airflow.task.hooks.airflow.providers.standard.hooks.subprocess.SubprocessHook"}
{"timestamp":"2026-09-11T13:10:17.712974","level":"info","event":"INFO:etl.load.raw_load:Загрузка 1 строк в raw.weather_hourly_history","logger":"airflow.task.hooks.airflow.providers.standard.hooks.subprocess.SubprocessHook"}
{"timestamp":"2026-09-11T13:10:17.713456","level":"info","event":"INFO:etl.load.raw_load:Преобразование столбца weather_data в JSON","logger":"airflow.task.hooks.airflow.providers.standard.hooks.subprocess.SubprocessHook"}
{"timestamp":"2026-09-11T13:10:17.717705","level":"info","event":"INFO:etl.load.raw_load:Очистака таблицы raw.weather_hourly_history","logger":"airflow.task.hooks.airflow.providers.standard.hooks.subprocess.SubprocessHook"}
{"timestamp":"2026-09-11T13:10:17.742060","level":"info","event":"INFO:etl.load.raw_load:Успешно загружено 1 строк в raw.weather_hourly_history","logger":"airflow.task.hooks.airflow.providers.standard.hooks.subprocess.SubprocessHook"}
{"timestamp":"2026-09-11T13:10:17.742227","level":"info","event":"INFO:__main__:Файл weather_hourly_history.json успешно загружен","logger":"airflow.task.hooks.airflow.providers.standard.hooks.subprocess.SubprocessHook"}
{"timestamp":"2026-09-11T13:10:17.742295","level":"info","event":"INFO:__main__:Обработка файла airports.csv","logger":"airflow.task.hooks.airflow.providers.standard.hooks.subprocess.SubprocessHook"}
{"timestamp":"2026-09-11T13:10:17.791509","level":"info","event":"INFO:etl.extract.csv_source:Успешно прочитал airports.csv с кодировкой utf-8","logger":"airflow.task.hooks.airflow.providers.standard.hooks.subprocess.SubprocessHook"}
{"timestamp":"2026-09-11T13:10:17.793571","level":"info","event":"INFO:etl.load.raw_load:Загрузка 7676 строк в raw.airports","logger":"airflow.task.hooks.airflow.providers.standard.hooks.subprocess.SubprocessHook"}
{"timestamp":"2026-09-11T13:10:17.815433","level":"info","event":"INFO:etl.load.raw_load:Очистака таблицы raw.airports","logger":"airflow.task.hooks.airflow.providers.standard.hooks.subprocess.SubprocessHook"}
{"timestamp":"2026-09-11T13:10:18.634935","level":"info","event":"INFO:etl.load.raw_load:Успешно загружено 7676 строк в raw.airports","logger":"airflow.task.hooks.airflow.providers.standard.hooks.subprocess.SubprocessHook"}
{"timestamp":"2026-09-11T13:10:18.635929","level":"info","event":"INFO:__main__:Файл airports.csv успешно загружен","logger":"airflow.task.hooks.airflow.providers.standard.hooks.subprocess.SubprocessHook"}
{"timestamp":"2026-09-11T13:10:18.771817","level":"info","event":"Command exited with return code 0","logger":"airflow.task.hooks.airflow.providers.standard.hooks.subprocess.SubprocessHook"}
{"timestamp":"2026-09-11T13:10:18.774318","level":"info","event":"Pushing xcom","ti":"RuntimeTaskInstance(id=UUID('01a09097-0989-7a31-91b5-81a9c1737941'), task_id='load_files', dag_id='monthly_data_pipeline', run_id='manual__2026-09-11T13:10:12.592916+00:00', try_number=1, map_index=-1, hostname='0545b1a0a6df', context_carrier=None, task=<Task(BashOperator): load_files>, bundle_instance=LocalDagBundle(name=dags-folder), max_tries=0, start_date=datetime.datetime(2026, 9, 11, 13, 10, 13, 833379, tzinfo=TzInfo(UTC)), end_date=None, state=<TaskInstanceState.RUNNING: 'running'>, is_mapped=False, rendered_map_index=None)","logger":"task"}
