{"timestamp":"2026-09-12T04:53:46.022527","level":"info","event":"DAG bundles loaded: dags-folder","logger":"airflow.dag_processing.bundles.manager.DagBundlesManager"}
{"timestamp":"2026-09-12T04:53:46.023152","level":"info","event":"Filling up the DagBag from /opt/airflow/dags/monthly_data_pipeline.py","logger":"airflow.models.dagbag.DagBag"}
{"timestamp":"2026-09-12T04:53:46.086511","level":"info","event":"Tmp dir root location: /tmp","logger":"airflow.task.hooks.airflow.providers.standard.hooks.subprocess.SubprocessHook"}
{"timestamp":"2026-09-12T04:53:46.087567","level":"info","event":"Running command: ['/usr/bin/bash', '-c', 'cd /app/flight_dbt && dbt run']","logger":"airflow.task.hooks.airflow.providers.standard.hooks.subprocess.SubprocessHook"}
{"timestamp":"2026-09-12T04:53:46.095261","level":"info","event":"Output:","logger":"airflow.task.hooks.airflow.providers.standard.hooks.subprocess.SubprocessHook"}
{"timestamp":"2026-09-12T04:53:47.671649","level":"info","event":"\u001b[0m04:53:47  Running with dbt=1.12.4","logger":"airflow.task.hooks.airflow.providers.standard.hooks.subprocess.SubprocessHook"}
{"timestamp":"2026-09-12T04:53:47.822363","level":"info","event":"\u001b[0m04:53:47  Registered adapter: postgres=1.11.0","logger":"airflow.task.hooks.airflow.providers.standard.hooks.subprocess.SubprocessHook"}
{"timestamp":"2026-09-12T04:53:48.187874","level":"info","event":"\u001b[0m04:53:48  Found 16 models, 1 snapshot, 1 analysis, 87 data tests, 1 seed, 7 sources, 599 macros, 1 unit test","logger":"airflow.task.hooks.airflow.providers.standard.hooks.subprocess.SubprocessHook"}
{"timestamp":"2026-09-12T04:53:48.189698","level":"info","event":"\u001b[0m04:53:48","logger":"airflow.task.hooks.airflow.providers.standard.hooks.subprocess.SubprocessHook"}
{"timestamp":"2026-09-12T04:53:48.189898","level":"info","event":"\u001b[0m04:53:48  Concurrency: 4 threads (target='default')","logger":"airflow.task.hooks.airflow.providers.standard.hooks.subprocess.SubprocessHook"}
{"timestamp":"2026-09-12T04:53:48.190182","level":"info","event":"\u001b[0m04:53:48","logger":"airflow.task.hooks.airflow.providers.standard.hooks.subprocess.SubprocessHook"}
{"timestamp":"2026-09-12T04:53:48.265395","level":"info","event":"\u001b[0m04:53:48  1 of 16 START sql table model analytics_staging.stg_aerodatabox_arrivals ....... [RUN]","logger":"airflow.task.hooks.airflow.providers.standard.hooks.subprocess.SubprocessHook"}
{"timestamp":"2026-09-12T04:53:48.265867","level":"info","event":"\u001b[0m04:53:48  2 of 16 START sql table model analytics_staging.stg_aerodatabox_departures ..... [RUN]","logger":"airflow.task.hooks.airflow.providers.standard.hooks.subprocess.SubprocessHook"}
{"timestamp":"2026-09-12T04:53:48.266205","level":"info","event":"\u001b[0m04:53:48  3 of 16 START sql table model analytics_staging.stg_aircraft_reference ......... [RUN]","logger":"airflow.task.hooks.airflow.providers.standard.hooks.subprocess.SubprocessHook"}
{"timestamp":"2026-09-12T04:53:48.266868","level":"info","event":"\u001b[0m04:53:48  4 of 16 START sql table model analytics_staging.stg_airlines ................... [RUN]","logger":"airflow.task.hooks.airflow.providers.standard.hooks.subprocess.SubprocessHook"}
{"timestamp":"2026-09-12T04:53:48.354946","level":"info","event":"\u001b[0m04:53:48  3 of 16 OK created sql table model analytics_staging.stg_aircraft_reference .... [\u001b[32mSELECT 46\u001b[0m in 0.09s]","logger":"airflow.task.hooks.airflow.providers.standard.hooks.subprocess.SubprocessHook"}
{"timestamp":"2026-09-12T04:53:48.356261","level":"info","event":"\u001b[0m04:53:48  5 of 16 START sql table model analytics_staging.stg_airports ................... [RUN]","logger":"airflow.task.hooks.airflow.providers.standard.hooks.subprocess.SubprocessHook"}
{"timestamp":"2026-09-12T04:53:48.362686","level":"info","event":"\u001b[0m04:53:48  4 of 16 OK created sql table model analytics_staging.stg_airlines .............. [\u001b[32mSELECT 6161\u001b[0m in 0.09s]","logger":"airflow.task.hooks.airflow.providers.standard.hooks.subprocess.SubprocessHook"}
{"timestamp":"2026-09-12T04:53:48.363060","level":"info","event":"\u001b[0m04:53:48  2 of 16 OK created sql table model analytics_staging.stg_aerodatabox_departures  [\u001b[32mSELECT 806\u001b[0m in 0.09s]","logger":"airflow.task.hooks.airflow.providers.standard.hooks.subprocess.SubprocessHook"}
{"timestamp":"2026-09-12T04:53:48.363465","level":"info","event":"\u001b[0m04:53:48  1 of 16 OK created sql table model analytics_staging.stg_aerodatabox_arrivals .. [\u001b[32mSELECT 809\u001b[0m in 0.10s]","logger":"airflow.task.hooks.airflow.providers.standard.hooks.subprocess.SubprocessHook"}
{"timestamp":"2026-09-12T04:53:48.367317","level":"info","event":"\u001b[0m04:53:48  6 of 16 START sql table model analytics_staging.stg_parquet_arrivals ........... [RUN]","logger":"airflow.task.hooks.airflow.providers.standard.hooks.subprocess.SubprocessHook"}
{"timestamp":"2026-09-12T04:53:48.367767","level":"info","event":"\u001b[0m04:53:48  7 of 16 START sql table model analytics_staging.stg_parquet_departures ......... [RUN]","logger":"airflow.task.hooks.airflow.providers.standard.hooks.subprocess.SubprocessHook"}
{"timestamp":"2026-09-12T04:53:48.368030","level":"info","event":"\u001b[0m04:53:48  8 of 16 START sql table model analytics_staging.stg_weather_api ................ [RUN]","logger":"airflow.task.hooks.airflow.providers.standard.hooks.subprocess.SubprocessHook"}
{"timestamp":"2026-09-12T04:53:48.405579","level":"info","event":"\u001b[0m04:53:48  8 of 16 OK created sql table model analytics_staging.stg_weather_api ........... [\u001b[32mSELECT 120\u001b[0m in 0.04s]","logger":"airflow.task.hooks.airflow.providers.standard.hooks.subprocess.SubprocessHook"}
{"timestamp":"2026-09-12T04:53:48.406433","level":"info","event":"\u001b[0m04:53:48  9 of 16 START sql table model analytics_staging.stg_weather_history ............ [RUN]","logger":"airflow.task.hooks.airflow.providers.standard.hooks.subprocess.SubprocessHook"}
{"timestamp":"2026-09-12T04:53:48.428797","level":"info","event":"\u001b[0m04:53:48  5 of 16 OK created sql table model analytics_staging.stg_airports .............. [\u001b[32mSELECT 7676\u001b[0m in 0.07s]","logger":"airflow.task.hooks.airflow.providers.standard.hooks.subprocess.SubprocessHook"}
{"timestamp":"2026-09-12T04:53:48.429849","level":"info","event":"\u001b[0m04:53:48  10 of 16 START sql table model analytics_core.dim_aircraft ..................... [RUN]","logger":"airflow.task.hooks.airflow.providers.standard.hooks.subprocess.SubprocessHook"}
{"timestamp":"2026-09-12T04:53:48.456491","level":"info","event":"\u001b[0m04:53:48  10 of 16 OK created sql table model analytics_core.dim_aircraft ................ [\u001b[32mSELECT 46\u001b[0m in 0.03s]","logger":"airflow.task.hooks.airflow.providers.standard.hooks.subprocess.SubprocessHook"}
{"timestamp":"2026-09-12T04:53:48.457431","level":"info","event":"\u001b[0m04:53:48  11 of 16 START sql table model analytics_core.dim_airlines ..................... [RUN]","logger":"airflow.task.hooks.airflow.providers.standard.hooks.subprocess.SubprocessHook"}
{"timestamp":"2026-09-12T04:53:48.517592","level":"info","event":"\u001b[0m04:53:48  11 of 16 OK created sql table model analytics_core.dim_airlines ................ [\u001b[32mSELECT 6159\u001b[0m in 0.06s]","logger":"airflow.task.hooks.airflow.providers.standard.hooks.subprocess.SubprocessHook"}
{"timestamp":"2026-09-12T04:53:48.519767","level":"info","event":"\u001b[0m04:53:48  12 of 16 START sql table model analytics_core.dim_airports ..................... [RUN]","logger":"airflow.task.hooks.airflow.providers.standard.hooks.subprocess.SubprocessHook"}
{"timestamp":"2026-09-12T04:53:48.649504","level":"info","event":"\u001b[0m04:53:48  12 of 16 OK created sql table model analytics_core.dim_airports ................ [\u001b[32mSELECT 7676\u001b[0m in 0.13s]","logger":"airflow.task.hooks.airflow.providers.standard.hooks.subprocess.SubprocessHook"}
{"timestamp":"2026-09-12T04:53:48.780269","level":"info","event":"\u001b[0m04:53:48  6 of 16 OK created sql table model analytics_staging.stg_parquet_arrivals ...... [\u001b[32mSELECT 6968\u001b[0m in 0.41s]","logger":"airflow.task.hooks.airflow.providers.standard.hooks.subprocess.SubprocessHook"}
{"timestamp":"2026-09-12T04:53:48.814396","level":"info","event":"\u001b[0m04:53:48  7 of 16 OK created sql table model analytics_staging.stg_parquet_departures .... [\u001b[32mSELECT 6999\u001b[0m in 0.44s]","logger":"airflow.task.hooks.airflow.providers.standard.hooks.subprocess.SubprocessHook"}
{"timestamp":"2026-09-12T04:53:48.816185","level":"info","event":"\u001b[0m04:53:48  13 of 16 START sql incremental model analytics_core.fact_flights ............... [RUN]","logger":"airflow.task.hooks.airflow.providers.standard.hooks.subprocess.SubprocessHook"}
{"timestamp":"2026-09-12T04:53:49.658230","level":"info","event":"\u001b[0m04:53:49  13 of 16 OK created sql incremental model analytics_core.fact_flights .......... [\u001b[32mMERGE 15498\u001b[0m in 0.83s]","logger":"airflow.task.hooks.airflow.providers.standard.hooks.subprocess.SubprocessHook"}
{"timestamp":"2026-09-12T04:53:50.152167","level":"info","event":"\u001b[0m04:53:50  9 of 16 OK created sql table model analytics_staging.stg_weather_history ....... [\u001b[32mSELECT 4176\u001b[0m in 1.74s]","logger":"airflow.task.hooks.airflow.providers.standard.hooks.subprocess.SubprocessHook"}
{"timestamp":"2026-09-12T04:53:50.164417","level":"info","event":"\u001b[0m04:53:50  14 of 16 START sql incremental model analytics_core.fact_weather ............... [RUN]","logger":"airflow.task.hooks.airflow.providers.standard.hooks.subprocess.SubprocessHook"}
{"timestamp":"2026-09-12T04:53:50.252617","level":"info","event":"\u001b[0m04:53:50  14 of 16 OK created sql incremental model analytics_core.fact_weather .......... [\u001b[32mMERGE 2304\u001b[0m in 0.09s]","logger":"airflow.task.hooks.airflow.providers.standard.hooks.subprocess.SubprocessHook"}
{"timestamp":"2026-09-12T04:53:50.254299","level":"info","event":"\u001b[0m04:53:50  15 of 16 START sql table model analytics_marts.mart_weather_flight_impact ...... [RUN]","logger":"airflow.task.hooks.airflow.providers.standard.hooks.subprocess.SubprocessHook"}
{"timestamp":"2026-09-12T04:53:51.990088","level":"info","event":"\u001b[0m04:53:51  15 of 16 OK created sql table model analytics_marts.mart_weather_flight_impact . [\u001b[32mSELECT 1755\u001b[0m in 1.73s]","logger":"airflow.task.hooks.airflow.providers.standard.hooks.subprocess.SubprocessHook"}
{"timestamp":"2026-09-12T04:53:51.992092","level":"info","event":"\u001b[0m04:53:51  16 of 16 START sql table model analytics_marts.mart_weather_impact_summary ..... [RUN]","logger":"airflow.task.hooks.airflow.providers.standard.hooks.subprocess.SubprocessHook"}
{"timestamp":"2026-09-12T04:53:52.022232","level":"info","event":"\u001b[0m04:53:52  16 of 16 OK created sql table model analytics_marts.mart_weather_impact_summary  [\u001b[32mSELECT 4\u001b[0m in 0.03s]","logger":"airflow.task.hooks.airflow.providers.standard.hooks.subprocess.SubprocessHook"}
{"timestamp":"2026-09-12T04:53:52.030033","level":"info","event":"\u001b[0m04:53:52","logger":"airflow.task.hooks.airflow.providers.standard.hooks.subprocess.SubprocessHook"}
{"timestamp":"2026-09-12T04:53:52.030311","level":"info","event":"\u001b[0m04:53:52  Finished running 2 incremental models, 14 table models in 0 hours 0 minutes and 3.84 seconds (3.84s).","logger":"airflow.task.hooks.airflow.providers.standard.hooks.subprocess.SubprocessHook"}
{"timestamp":"2026-09-12T04:53:52.088201","level":"info","event":"\u001b[0m04:53:52","logger":"airflow.task.hooks.airflow.providers.standard.hooks.subprocess.SubprocessHook"}
{"timestamp":"2026-09-12T04:53:52.088532","level":"info","event":"\u001b[0m04:53:52  \u001b[32mCompleted successfully\u001b[0m","logger":"airflow.task.hooks.airflow.providers.standard.hooks.subprocess.SubprocessHook"}
{"timestamp":"2026-09-12T04:53:52.088787","level":"info","event":"\u001b[0m04:53:52","logger":"airflow.task.hooks.airflow.providers.standard.hooks.subprocess.SubprocessHook"}
{"timestamp":"2026-09-12T04:53:52.089182","level":"info","event":"\u001b[0m04:53:52  Done. PASS=16 WARN=0 ERROR=0 SKIP=0 NO-OP=0 REUSED=0 TOTAL=16","logger":"airflow.task.hooks.airflow.providers.standard.hooks.subprocess.SubprocessHook"}
{"timestamp":"2026-09-12T04:53:54.246990","level":"info","event":"Command exited with return code 0","logger":"airflow.task.hooks.airflow.providers.standard.hooks.subprocess.SubprocessHook"}
{"timestamp":"2026-09-12T04:53:54.253122","level":"info","event":"Pushing xcom","ti":"RuntimeTaskInstance(id=UUID('01a093f6-8a0e-7240-b736-4712b6bbdb20'), task_id='dbt_run', dag_id='monthly_data_pipeline', run_id='manual__2026-09-12T04:53:23.038093+00:00', try_number=1, map_index=-1, hostname='0545b1a0a6df', context_carrier=None, task=<Task(BashOperator): dbt_run>, bundle_instance=LocalDagBundle(name=dags-folder), max_tries=0, start_date=datetime.datetime(2026, 9, 12, 4, 53, 45, 905081, tzinfo=TzInfo(UTC)), end_date=None, state=<TaskInstanceState.RUNNING: 'running'>, is_mapped=False, rendered_map_index=None)","logger":"task"}
