{"timestamp":"2026-09-12T04:29:50.566070","level":"info","event":"DAG bundles loaded: dags-folder","logger":"airflow.dag_processing.bundles.manager.DagBundlesManager"}
{"timestamp":"2026-09-12T04:29:50.566627","level":"info","event":"Filling up the DagBag from /opt/airflow/dags/conditional_dbt_run.py","logger":"airflow.models.dagbag.DagBag"}
{"timestamp":"2026-09-12T04:29:50.612576","level":"info","event":"Tmp dir root location: /tmp","logger":"airflow.task.hooks.airflow.providers.standard.hooks.subprocess.SubprocessHook"}
{"timestamp":"2026-09-12T04:29:50.617311","level":"info","event":"Running command: ['/usr/bin/bash', '-c', 'cd /app/flight_dbt && dbt run']","logger":"airflow.task.hooks.airflow.providers.standard.hooks.subprocess.SubprocessHook"}
{"timestamp":"2026-09-12T04:29:50.626255","level":"info","event":"Output:","logger":"airflow.task.hooks.airflow.providers.standard.hooks.subprocess.SubprocessHook"}
{"timestamp":"2026-09-12T04:29:52.684182","level":"info","event":"\u001b[0m04:29:52  Running with dbt=1.12.4","logger":"airflow.task.hooks.airflow.providers.standard.hooks.subprocess.SubprocessHook"}
{"timestamp":"2026-09-12T04:29:52.934520","level":"info","event":"\u001b[0m04:29:52  Registered adapter: postgres=1.11.0","logger":"airflow.task.hooks.airflow.providers.standard.hooks.subprocess.SubprocessHook"}
{"timestamp":"2026-09-12T04:29:53.566737","level":"info","event":"\u001b[0m04:29:53  Found 16 models, 1 snapshot, 1 analysis, 87 data tests, 1 seed, 7 sources, 599 macros, 1 unit test","logger":"airflow.task.hooks.airflow.providers.standard.hooks.subprocess.SubprocessHook"}
{"timestamp":"2026-09-12T04:29:53.569324","level":"info","event":"\u001b[0m04:29:53","logger":"airflow.task.hooks.airflow.providers.standard.hooks.subprocess.SubprocessHook"}
{"timestamp":"2026-09-12T04:29:53.569721","level":"info","event":"\u001b[0m04:29:53  Concurrency: 4 threads (target='default')","logger":"airflow.task.hooks.airflow.providers.standard.hooks.subprocess.SubprocessHook"}
{"timestamp":"2026-09-12T04:29:53.569953","level":"info","event":"\u001b[0m04:29:53","logger":"airflow.task.hooks.airflow.providers.standard.hooks.subprocess.SubprocessHook"}
{"timestamp":"2026-09-12T04:29:53.769966","level":"info","event":"\u001b[0m04:29:53  1 of 16 START sql table model analytics_staging.stg_aerodatabox_arrivals ....... [RUN]","logger":"airflow.task.hooks.airflow.providers.standard.hooks.subprocess.SubprocessHook"}
{"timestamp":"2026-09-12T04:29:53.770487","level":"info","event":"\u001b[0m04:29:53  2 of 16 START sql table model analytics_staging.stg_aerodatabox_departures ..... [RUN]","logger":"airflow.task.hooks.airflow.providers.standard.hooks.subprocess.SubprocessHook"}
{"timestamp":"2026-09-12T04:29:53.770862","level":"info","event":"\u001b[0m04:29:53  3 of 16 START sql table model analytics_staging.stg_aircraft_reference ......... [RUN]","logger":"airflow.task.hooks.airflow.providers.standard.hooks.subprocess.SubprocessHook"}
{"timestamp":"2026-09-12T04:29:53.771172","level":"info","event":"\u001b[0m04:29:53  4 of 16 START sql table model analytics_staging.stg_airlines ................... [RUN]","logger":"airflow.task.hooks.airflow.providers.standard.hooks.subprocess.SubprocessHook"}
{"timestamp":"2026-09-12T04:29:53.902287","level":"info","event":"\u001b[0m04:29:53  3 of 16 OK created sql table model analytics_staging.stg_aircraft_reference .... [\u001b[32mSELECT 46\u001b[0m in 0.12s]","logger":"airflow.task.hooks.airflow.providers.standard.hooks.subprocess.SubprocessHook"}
{"timestamp":"2026-09-12T04:29:53.904342","level":"info","event":"\u001b[0m04:29:53  5 of 16 START sql table model analytics_staging.stg_airports ................... [RUN]","logger":"airflow.task.hooks.airflow.providers.standard.hooks.subprocess.SubprocessHook"}
{"timestamp":"2026-09-12T04:29:53.918397","level":"info","event":"\u001b[0m04:29:53  1 of 16 OK created sql table model analytics_staging.stg_aerodatabox_arrivals .. [\u001b[32mSELECT 329\u001b[0m in 0.15s]","logger":"airflow.task.hooks.airflow.providers.standard.hooks.subprocess.SubprocessHook"}
{"timestamp":"2026-09-12T04:29:53.920147","level":"info","event":"\u001b[0m04:29:53  2 of 16 OK created sql table model analytics_staging.stg_aerodatabox_departures  [\u001b[32mSELECT 328\u001b[0m in 0.15s]","logger":"airflow.task.hooks.airflow.providers.standard.hooks.subprocess.SubprocessHook"}
{"timestamp":"2026-09-12T04:29:53.922006","level":"info","event":"\u001b[0m04:29:53  6 of 16 START sql table model analytics_staging.stg_parquet_arrivals ........... [RUN]","logger":"airflow.task.hooks.airflow.providers.standard.hooks.subprocess.SubprocessHook"}
{"timestamp":"2026-09-12T04:29:53.922461","level":"info","event":"\u001b[0m04:29:53  7 of 16 START sql table model analytics_staging.stg_parquet_departures ......... [RUN]","logger":"airflow.task.hooks.airflow.providers.standard.hooks.subprocess.SubprocessHook"}
{"timestamp":"2026-09-12T04:29:53.945786","level":"info","event":"\u001b[0m04:29:53  4 of 16 OK created sql table model analytics_staging.stg_airlines .............. [\u001b[32mSELECT 6161\u001b[0m in 0.17s]","logger":"airflow.task.hooks.airflow.providers.standard.hooks.subprocess.SubprocessHook"}
{"timestamp":"2026-09-12T04:29:53.946648","level":"info","event":"\u001b[0m04:29:53  8 of 16 START sql table model analytics_staging.stg_weather_api ................ [RUN]","logger":"airflow.task.hooks.airflow.providers.standard.hooks.subprocess.SubprocessHook"}
{"timestamp":"2026-09-12T04:29:53.979130","level":"info","event":"\u001b[0m04:29:53  8 of 16 OK created sql table model analytics_staging.stg_weather_api ........... [\u001b[32mSELECT 48\u001b[0m in 0.03s]","logger":"airflow.task.hooks.airflow.providers.standard.hooks.subprocess.SubprocessHook"}
{"timestamp":"2026-09-12T04:29:53.980194","level":"info","event":"\u001b[0m04:29:53  9 of 16 START sql table model analytics_staging.stg_weather_history ............ [RUN]","logger":"airflow.task.hooks.airflow.providers.standard.hooks.subprocess.SubprocessHook"}
{"timestamp":"2026-09-12T04:29:54.035615","level":"info","event":"\u001b[0m04:29:54  5 of 16 OK created sql table model analytics_staging.stg_airports .............. [\u001b[32mSELECT 7676\u001b[0m in 0.13s]","logger":"airflow.task.hooks.airflow.providers.standard.hooks.subprocess.SubprocessHook"}
{"timestamp":"2026-09-12T04:29:54.036508","level":"info","event":"\u001b[0m04:29:54  10 of 16 START sql table model analytics_core.dim_aircraft ..................... [RUN]","logger":"airflow.task.hooks.airflow.providers.standard.hooks.subprocess.SubprocessHook"}
{"timestamp":"2026-09-12T04:29:54.062884","level":"info","event":"\u001b[0m04:29:54  10 of 16 OK created sql table model analytics_core.dim_aircraft ................ [\u001b[32mSELECT 46\u001b[0m in 0.03s]","logger":"airflow.task.hooks.airflow.providers.standard.hooks.subprocess.SubprocessHook"}
{"timestamp":"2026-09-12T04:29:54.064072","level":"info","event":"\u001b[0m04:29:54  11 of 16 START sql table model analytics_core.dim_airlines ..................... [RUN]","logger":"airflow.task.hooks.airflow.providers.standard.hooks.subprocess.SubprocessHook"}
{"timestamp":"2026-09-12T04:29:54.111763","level":"info","event":"\u001b[0m04:29:54  11 of 16 OK created sql table model analytics_core.dim_airlines ................ [\u001b[32mSELECT 6159\u001b[0m in 0.05s]","logger":"airflow.task.hooks.airflow.providers.standard.hooks.subprocess.SubprocessHook"}
{"timestamp":"2026-09-12T04:29:54.112763","level":"info","event":"\u001b[0m04:29:54  12 of 16 START sql table model analytics_core.dim_airports ..................... [RUN]","logger":"airflow.task.hooks.airflow.providers.standard.hooks.subprocess.SubprocessHook"}
{"timestamp":"2026-09-12T04:29:54.191923","level":"info","event":"\u001b[0m04:29:54  12 of 16 OK created sql table model analytics_core.dim_airports ................ [\u001b[32mSELECT 7676\u001b[0m in 0.08s]","logger":"airflow.task.hooks.airflow.providers.standard.hooks.subprocess.SubprocessHook"}
{"timestamp":"2026-09-12T04:29:54.503559","level":"info","event":"\u001b[0m04:29:54  6 of 16 OK created sql table model analytics_staging.stg_parquet_arrivals ...... [\u001b[32mSELECT 6968\u001b[0m in 0.58s]","logger":"airflow.task.hooks.airflow.providers.standard.hooks.subprocess.SubprocessHook"}
{"timestamp":"2026-09-12T04:29:54.511178","level":"info","event":"\u001b[0m04:29:54  7 of 16 OK created sql table model analytics_staging.stg_parquet_departures .... [\u001b[32mSELECT 6999\u001b[0m in 0.59s]","logger":"airflow.task.hooks.airflow.providers.standard.hooks.subprocess.SubprocessHook"}
{"timestamp":"2026-09-12T04:29:54.512357","level":"info","event":"\u001b[0m04:29:54  13 of 16 START sql incremental model analytics_core.fact_flights ............... [RUN]","logger":"airflow.task.hooks.airflow.providers.standard.hooks.subprocess.SubprocessHook"}
{"timestamp":"2026-09-12T04:29:54.957078","level":"info","event":"\u001b[0m04:29:54  13 of 16 OK created sql incremental model analytics_core.fact_flights .......... [\u001b[32mMERGE 14562\u001b[0m in 0.44s]","logger":"airflow.task.hooks.airflow.providers.standard.hooks.subprocess.SubprocessHook"}
{"timestamp":"2026-09-12T04:29:55.598341","level":"info","event":"\u001b[0m04:29:55  9 of 16 OK created sql table model analytics_staging.stg_weather_history ....... [\u001b[32mSELECT 4176\u001b[0m in 1.62s]","logger":"airflow.task.hooks.airflow.providers.standard.hooks.subprocess.SubprocessHook"}
{"timestamp":"2026-09-12T04:29:55.604549","level":"info","event":"\u001b[0m04:29:55  14 of 16 START sql incremental model analytics_core.fact_weather ............... [RUN]","logger":"airflow.task.hooks.airflow.providers.standard.hooks.subprocess.SubprocessHook"}
{"timestamp":"2026-09-12T04:29:55.681958","level":"info","event":"\u001b[0m04:29:55  14 of 16 OK created sql incremental model analytics_core.fact_weather .......... [\u001b[32mMERGE 2232\u001b[0m in 0.08s]","logger":"airflow.task.hooks.airflow.providers.standard.hooks.subprocess.SubprocessHook"}
{"timestamp":"2026-09-12T04:29:55.683166","level":"info","event":"\u001b[0m04:29:55  15 of 16 START sql table model analytics_marts.mart_weather_flight_impact ...... [RUN]","logger":"airflow.task.hooks.airflow.providers.standard.hooks.subprocess.SubprocessHook"}
{"timestamp":"2026-09-12T04:29:57.250962","level":"info","event":"\u001b[0m04:29:57  15 of 16 OK created sql table model analytics_marts.mart_weather_flight_impact . [\u001b[32mSELECT 1648\u001b[0m in 1.57s]","logger":"airflow.task.hooks.airflow.providers.standard.hooks.subprocess.SubprocessHook"}
{"timestamp":"2026-09-12T04:29:57.253551","level":"info","event":"\u001b[0m04:29:57  16 of 16 START sql table model analytics_marts.mart_weather_impact_summary ..... [RUN]","logger":"airflow.task.hooks.airflow.providers.standard.hooks.subprocess.SubprocessHook"}
{"timestamp":"2026-09-12T04:29:57.279534","level":"info","event":"\u001b[0m04:29:57  16 of 16 OK created sql table model analytics_marts.mart_weather_impact_summary  [\u001b[32mSELECT 4\u001b[0m in 0.03s]","logger":"airflow.task.hooks.airflow.providers.standard.hooks.subprocess.SubprocessHook"}
{"timestamp":"2026-09-12T04:29:57.290898","level":"info","event":"\u001b[0m04:29:57","logger":"airflow.task.hooks.airflow.providers.standard.hooks.subprocess.SubprocessHook"}
{"timestamp":"2026-09-12T04:29:57.291152","level":"info","event":"\u001b[0m04:29:57  Finished running 2 incremental models, 14 table models in 0 hours 0 minutes and 3.72 seconds (3.72s).","logger":"airflow.task.hooks.airflow.providers.standard.hooks.subprocess.SubprocessHook"}
{"timestamp":"2026-09-12T04:29:57.341381","level":"info","event":"\u001b[0m04:29:57","logger":"airflow.task.hooks.airflow.providers.standard.hooks.subprocess.SubprocessHook"}
{"timestamp":"2026-09-12T04:29:57.341566","level":"info","event":"\u001b[0m04:29:57  \u001b[32mCompleted successfully\u001b[0m","logger":"airflow.task.hooks.airflow.providers.standard.hooks.subprocess.SubprocessHook"}
{"timestamp":"2026-09-12T04:29:57.341864","level":"info","event":"\u001b[0m04:29:57","logger":"airflow.task.hooks.airflow.providers.standard.hooks.subprocess.SubprocessHook"}
{"timestamp":"2026-09-12T04:29:57.342189","level":"info","event":"\u001b[0m04:29:57  Done. PASS=16 WARN=0 ERROR=0 SKIP=0 NO-OP=0 REUSED=0 TOTAL=16","logger":"airflow.task.hooks.airflow.providers.standard.hooks.subprocess.SubprocessHook"}
{"timestamp":"2026-09-12T04:29:59.550757","level":"info","event":"Command exited with return code 0","logger":"airflow.task.hooks.airflow.providers.standard.hooks.subprocess.SubprocessHook"}
{"timestamp":"2026-09-12T04:29:59.556955","level":"info","event":"Pushing xcom","ti":"RuntimeTaskInstance(id=UUID('01a093e0-f1a2-72da-aecb-c0697b511de6'), task_id='dbt_run', dag_id='conditional_dbt_run', run_id='manual__2026-09-12T04:29:47.765940+00:00', try_number=1, map_index=-1, hostname='0545b1a0a6df', context_carrier=None, task=<Task(BashOperator): dbt_run>, bundle_instance=LocalDagBundle(name=dags-folder), max_tries=0, start_date=datetime.datetime(2026, 9, 12, 4, 29, 50, 508562, tzinfo=TzInfo(UTC)), end_date=None, state=<TaskInstanceState.RUNNING: 'running'>, is_mapped=False, rendered_map_index=None)","logger":"task"}
