{"timestamp":"2026-09-12T04:53:23.810792","level":"info","event":"DAG bundles loaded: dags-folder","logger":"airflow.dag_processing.bundles.manager.DagBundlesManager"}
{"timestamp":"2026-09-12T04:53:23.811491","level":"info","event":"Filling up the DagBag from /opt/airflow/dags/monthly_data_pipeline.py","logger":"airflow.models.dagbag.DagBag"}
{"timestamp":"2026-09-12T04:53:23.826596","level":"info","event":"Tmp dir root location: /tmp","logger":"airflow.task.hooks.airflow.providers.standard.hooks.subprocess.SubprocessHook"}
{"timestamp":"2026-09-12T04:53:23.827822","level":"info","event":"Running command: ['/usr/bin/bash', '-c', 'cd /app && python main.py files']","logger":"airflow.task.hooks.airflow.providers.standard.hooks.subprocess.SubprocessHook"}
{"timestamp":"2026-09-12T04:53:23.836722","level":"info","event":"Output:","logger":"airflow.task.hooks.airflow.providers.standard.hooks.subprocess.SubprocessHook"}
{"timestamp":"2026-09-12T04:53:24.562543","level":"info","event":"INFO:__main__:База данных готова","logger":"airflow.task.hooks.airflow.providers.standard.hooks.subprocess.SubprocessHook"}
{"timestamp":"2026-09-12T04:53:24.562729","level":"info","event":"INFO:__main__:Начинаем обработку файлов из /app/data","logger":"airflow.task.hooks.airflow.providers.standard.hooks.subprocess.SubprocessHook"}
{"timestamp":"2026-09-12T04:53:24.563154","level":"info","event":"INFO:__main__:Обработка файла aircraft_reference.csv","logger":"airflow.task.hooks.airflow.providers.standard.hooks.subprocess.SubprocessHook"}
{"timestamp":"2026-09-12T04:53:24.563724","level":"info","event":"WARNING:etl.extract.csv_source:Ошибка чтения utf-8 кодировкой","logger":"airflow.task.hooks.airflow.providers.standard.hooks.subprocess.SubprocessHook"}
{"timestamp":"2026-09-12T04:53:24.565391","level":"info","event":"INFO:etl.extract.csv_source:Успешно прочитал aircraft_reference.csv с кодировкой cp1251","logger":"airflow.task.hooks.airflow.providers.standard.hooks.subprocess.SubprocessHook"}
{"timestamp":"2026-09-12T04:53:24.566079","level":"info","event":"INFO:etl.load.raw_load:Загрузка 46 строк в raw.aircraft_reference","logger":"airflow.task.hooks.airflow.providers.standard.hooks.subprocess.SubprocessHook"}
{"timestamp":"2026-09-12T04:53:24.566893","level":"info","event":"INFO:etl.load.raw_load:Очистака таблицы raw.aircraft_reference","logger":"airflow.task.hooks.airflow.providers.standard.hooks.subprocess.SubprocessHook"}
{"timestamp":"2026-09-12T04:53:24.581567","level":"info","event":"INFO:etl.load.raw_load:Успешно загружено 46 строк в raw.aircraft_reference","logger":"airflow.task.hooks.airflow.providers.standard.hooks.subprocess.SubprocessHook"}
{"timestamp":"2026-09-12T04:53:24.581647","level":"info","event":"INFO:__main__:Файл aircraft_reference.csv успешно загружен","logger":"airflow.task.hooks.airflow.providers.standard.hooks.subprocess.SubprocessHook"}
{"timestamp":"2026-09-12T04:53:24.581677","level":"info","event":"INFO:__main__:Обработка файла airlines.csv","logger":"airflow.task.hooks.airflow.providers.standard.hooks.subprocess.SubprocessHook"}
{"timestamp":"2026-09-12T04:53:24.591033","level":"info","event":"INFO:etl.extract.csv_source:Успешно прочитал airlines.csv с кодировкой utf-8","logger":"airflow.task.hooks.airflow.providers.standard.hooks.subprocess.SubprocessHook"}
{"timestamp":"2026-09-12T04:53:24.591676","level":"info","event":"INFO:etl.load.raw_load:Загрузка 6161 строк в raw.airlines","logger":"airflow.task.hooks.airflow.providers.standard.hooks.subprocess.SubprocessHook"}
{"timestamp":"2026-09-12T04:53:24.600032","level":"info","event":"INFO:etl.load.raw_load:Очистака таблицы raw.airlines","logger":"airflow.task.hooks.airflow.providers.standard.hooks.subprocess.SubprocessHook"}
{"timestamp":"2026-09-12T04:53:24.931176","level":"info","event":"INFO:etl.load.raw_load:Успешно загружено 6161 строк в raw.airlines","logger":"airflow.task.hooks.airflow.providers.standard.hooks.subprocess.SubprocessHook"}
{"timestamp":"2026-09-12T04:53:24.931287","level":"info","event":"INFO:__main__:Файл airlines.csv успешно загружен","logger":"airflow.task.hooks.airflow.providers.standard.hooks.subprocess.SubprocessHook"}
{"timestamp":"2026-09-12T04:53:24.931337","level":"info","event":"INFO:__main__:Обработка файла flights_2025.parquet","logger":"airflow.task.hooks.airflow.providers.standard.hooks.subprocess.SubprocessHook"}
{"timestamp":"2026-09-12T04:53:24.931490","level":"info","event":"INFO:etl.extract.parquet_source:Чтение parquet файла: flights_2025.parquet","logger":"airflow.task.hooks.airflow.providers.standard.hooks.subprocess.SubprocessHook"}
{"timestamp":"2026-09-12T04:53:24.963555","level":"info","event":"INFO:etl.extract.parquet_source:Загружено 80 строк, 8 колонок","logger":"airflow.task.hooks.airflow.providers.standard.hooks.subprocess.SubprocessHook"}
{"timestamp":"2026-09-12T04:53:24.964161","level":"info","event":"INFO:etl.load.raw_load:Загрузка 80 строк в raw.flights_2025","logger":"airflow.task.hooks.airflow.providers.standard.hooks.subprocess.SubprocessHook"}
{"timestamp":"2026-09-12T04:53:24.965274","level":"info","event":"INFO:etl.load.raw_load:Очистака таблицы raw.flights_2025","logger":"airflow.task.hooks.airflow.providers.standard.hooks.subprocess.SubprocessHook"}
{"timestamp":"2026-09-12T04:53:25.363632","level":"info","event":"INFO:etl.load.raw_load:Успешно загружено 80 строк в raw.flights_2025","logger":"airflow.task.hooks.airflow.providers.standard.hooks.subprocess.SubprocessHook"}
{"timestamp":"2026-09-12T04:53:25.363906","level":"info","event":"INFO:__main__:Файл flights_2025.parquet успешно загружен","logger":"airflow.task.hooks.airflow.providers.standard.hooks.subprocess.SubprocessHook"}
{"timestamp":"2026-09-12T04:53:25.363965","level":"info","event":"INFO:__main__:Обработка файла weather_hourly_history.json","logger":"airflow.task.hooks.airflow.providers.standard.hooks.subprocess.SubprocessHook"}
{"timestamp":"2026-09-12T04:53:25.364023","level":"info","event":"INFO:etl.extract.json_source:Начинаем чтение файла weather_hourly_history.json","logger":"airflow.task.hooks.airflow.providers.standard.hooks.subprocess.SubprocessHook"}
{"timestamp":"2026-09-12T04:53:25.367135","level":"info","event":"INFO:etl.extract.json_source:Загружено 1 строк, 1 колонок","logger":"airflow.task.hooks.airflow.providers.standard.hooks.subprocess.SubprocessHook"}
{"timestamp":"2026-09-12T04:53:25.367724","level":"info","event":"INFO:etl.load.raw_load:Загрузка 1 строк в raw.weather_hourly_history","logger":"airflow.task.hooks.airflow.providers.standard.hooks.subprocess.SubprocessHook"}
{"timestamp":"2026-09-12T04:53:25.367885","level":"info","event":"INFO:etl.load.raw_load:Преобразование столбца weather_data в JSON","logger":"airflow.task.hooks.airflow.providers.standard.hooks.subprocess.SubprocessHook"}
{"timestamp":"2026-09-12T04:53:25.369921","level":"info","event":"INFO:etl.load.raw_load:Очистака таблицы raw.weather_hourly_history","logger":"airflow.task.hooks.airflow.providers.standard.hooks.subprocess.SubprocessHook"}
{"timestamp":"2026-09-12T04:53:25.388259","level":"info","event":"INFO:etl.load.raw_load:Успешно загружено 1 строк в raw.weather_hourly_history","logger":"airflow.task.hooks.airflow.providers.standard.hooks.subprocess.SubprocessHook"}
{"timestamp":"2026-09-12T04:53:25.388509","level":"info","event":"INFO:__main__:Файл weather_hourly_history.json успешно загружен","logger":"airflow.task.hooks.airflow.providers.standard.hooks.subprocess.SubprocessHook"}
{"timestamp":"2026-09-12T04:53:25.388593","level":"info","event":"INFO:__main__:Обработка файла airports.csv","logger":"airflow.task.hooks.airflow.providers.standard.hooks.subprocess.SubprocessHook"}
{"timestamp":"2026-09-12T04:53:25.415141","level":"info","event":"INFO:etl.extract.csv_source:Успешно прочитал airports.csv с кодировкой utf-8","logger":"airflow.task.hooks.airflow.providers.standard.hooks.subprocess.SubprocessHook"}
{"timestamp":"2026-09-12T04:53:25.416007","level":"info","event":"INFO:etl.load.raw_load:Загрузка 7676 строк в raw.airports","logger":"airflow.task.hooks.airflow.providers.standard.hooks.subprocess.SubprocessHook"}
{"timestamp":"2026-09-12T04:53:25.431059","level":"info","event":"INFO:etl.load.raw_load:Очистака таблицы raw.airports","logger":"airflow.task.hooks.airflow.providers.standard.hooks.subprocess.SubprocessHook"}
{"timestamp":"2026-09-12T04:53:26.680603","level":"info","event":"INFO:etl.load.raw_load:Успешно загружено 7676 строк в raw.airports","logger":"airflow.task.hooks.airflow.providers.standard.hooks.subprocess.SubprocessHook"}
{"timestamp":"2026-09-12T04:53:26.681942","level":"info","event":"INFO:__main__:Файл airports.csv успешно загружен","logger":"airflow.task.hooks.airflow.providers.standard.hooks.subprocess.SubprocessHook"}
{"timestamp":"2026-09-12T04:53:26.807021","level":"info","event":"Command exited with return code 0","logger":"airflow.task.hooks.airflow.providers.standard.hooks.subprocess.SubprocessHook"}
{"timestamp":"2026-09-12T04:53:26.809319","level":"info","event":"Pushing xcom","ti":"RuntimeTaskInstance(id=UUID('01a093f6-8a0c-71e4-ac7c-f49a8bd3a77e'), task_id='load_files', dag_id='monthly_data_pipeline', run_id='manual__2026-09-12T04:53:23.038093+00:00', try_number=1, map_index=-1, hostname='0545b1a0a6df', context_carrier=None, task=<Task(BashOperator): load_files>, bundle_instance=LocalDagBundle(name=dags-folder), max_tries=0, start_date=datetime.datetime(2026, 9, 12, 4, 53, 23, 716696, tzinfo=TzInfo(UTC)), end_date=None, state=<TaskInstanceState.RUNNING: 'running'>, is_mapped=False, rendered_map_index=None)","logger":"task"}
