{"timestamp":"2026-09-12T04:52:03.307636","level":"info","event":"DAG bundles loaded: dags-folder","logger":"airflow.dag_processing.bundles.manager.DagBundlesManager"}
{"timestamp":"2026-09-12T04:52:03.309039","level":"info","event":"Filling up the DagBag from /opt/airflow/dags/monthly_data_pipeline.py","logger":"airflow.models.dagbag.DagBag"}
{"timestamp":"2026-09-12T04:52:03.340309","level":"info","event":"Tmp dir root location: /tmp","logger":"airflow.task.hooks.airflow.providers.standard.hooks.subprocess.SubprocessHook"}
{"timestamp":"2026-09-12T04:52:03.341688","level":"info","event":"Running command: ['/usr/bin/bash', '-c', 'cd /app && python main.py files']","logger":"airflow.task.hooks.airflow.providers.standard.hooks.subprocess.SubprocessHook"}
{"timestamp":"2026-09-12T04:52:03.351829","level":"info","event":"Output:","logger":"airflow.task.hooks.airflow.providers.standard.hooks.subprocess.SubprocessHook"}
{"timestamp":"2026-09-12T04:52:04.938411","level":"info","event":"INFO:__main__:База данных готова","logger":"airflow.task.hooks.airflow.providers.standard.hooks.subprocess.SubprocessHook"}
{"timestamp":"2026-09-12T04:52:04.939096","level":"info","event":"INFO:__main__:Начинаем обработку файлов из /app/data","logger":"airflow.task.hooks.airflow.providers.standard.hooks.subprocess.SubprocessHook"}
{"timestamp":"2026-09-12T04:52:04.939196","level":"info","event":"INFO:__main__:Обработка файла aircraft_reference.csv","logger":"airflow.task.hooks.airflow.providers.standard.hooks.subprocess.SubprocessHook"}
{"timestamp":"2026-09-12T04:52:04.943688","level":"info","event":"WARNING:etl.extract.csv_source:Ошибка чтения utf-8 кодировкой","logger":"airflow.task.hooks.airflow.providers.standard.hooks.subprocess.SubprocessHook"}
{"timestamp":"2026-09-12T04:52:04.956328","level":"info","event":"INFO:etl.extract.csv_source:Успешно прочитал aircraft_reference.csv с кодировкой cp1251","logger":"airflow.task.hooks.airflow.providers.standard.hooks.subprocess.SubprocessHook"}
{"timestamp":"2026-09-12T04:52:04.966033","level":"info","event":"INFO:etl.load.raw_load:Загрузка 46 строк в raw.aircraft_reference","logger":"airflow.task.hooks.airflow.providers.standard.hooks.subprocess.SubprocessHook"}
{"timestamp":"2026-09-12T04:52:04.968264","level":"info","event":"INFO:etl.load.raw_load:Очистака таблицы raw.aircraft_reference","logger":"airflow.task.hooks.airflow.providers.standard.hooks.subprocess.SubprocessHook"}
{"timestamp":"2026-09-12T04:52:04.993488","level":"info","event":"INFO:etl.load.raw_load:Успешно загружено 46 строк в raw.aircraft_reference","logger":"airflow.task.hooks.airflow.providers.standard.hooks.subprocess.SubprocessHook"}
{"timestamp":"2026-09-12T04:52:04.993589","level":"info","event":"INFO:__main__:Файл aircraft_reference.csv успешно загружен","logger":"airflow.task.hooks.airflow.providers.standard.hooks.subprocess.SubprocessHook"}
{"timestamp":"2026-09-12T04:52:04.993655","level":"info","event":"INFO:__main__:Обработка файла airlines.csv","logger":"airflow.task.hooks.airflow.providers.standard.hooks.subprocess.SubprocessHook"}
{"timestamp":"2026-09-12T04:52:05.003784","level":"info","event":"INFO:etl.extract.csv_source:Успешно прочитал airlines.csv с кодировкой utf-8","logger":"airflow.task.hooks.airflow.providers.standard.hooks.subprocess.SubprocessHook"}
{"timestamp":"2026-09-12T04:52:05.004338","level":"info","event":"INFO:etl.load.raw_load:Загрузка 6161 строк в raw.airlines","logger":"airflow.task.hooks.airflow.providers.standard.hooks.subprocess.SubprocessHook"}
{"timestamp":"2026-09-12T04:52:05.012413","level":"info","event":"INFO:etl.load.raw_load:Очистака таблицы raw.airlines","logger":"airflow.task.hooks.airflow.providers.standard.hooks.subprocess.SubprocessHook"}
{"timestamp":"2026-09-12T04:52:05.344986","level":"info","event":"INFO:etl.load.raw_load:Успешно загружено 6161 строк в raw.airlines","logger":"airflow.task.hooks.airflow.providers.standard.hooks.subprocess.SubprocessHook"}
{"timestamp":"2026-09-12T04:52:05.345148","level":"info","event":"INFO:__main__:Файл airlines.csv успешно загружен","logger":"airflow.task.hooks.airflow.providers.standard.hooks.subprocess.SubprocessHook"}
{"timestamp":"2026-09-12T04:52:05.345220","level":"info","event":"INFO:__main__:Обработка файла flights_2025.parquet","logger":"airflow.task.hooks.airflow.providers.standard.hooks.subprocess.SubprocessHook"}
{"timestamp":"2026-09-12T04:52:05.345278","level":"info","event":"INFO:etl.extract.parquet_source:Чтение parquet файла: flights_2025.parquet","logger":"airflow.task.hooks.airflow.providers.standard.hooks.subprocess.SubprocessHook"}
{"timestamp":"2026-09-12T04:52:05.526117","level":"info","event":"INFO:etl.extract.parquet_source:Загружено 80 строк, 8 колонок","logger":"airflow.task.hooks.airflow.providers.standard.hooks.subprocess.SubprocessHook"}
{"timestamp":"2026-09-12T04:52:05.526632","level":"info","event":"INFO:etl.load.raw_load:Загрузка 80 строк в raw.flights_2025","logger":"airflow.task.hooks.airflow.providers.standard.hooks.subprocess.SubprocessHook"}
{"timestamp":"2026-09-12T04:52:05.527949","level":"info","event":"INFO:etl.load.raw_load:Очистака таблицы raw.flights_2025","logger":"airflow.task.hooks.airflow.providers.standard.hooks.subprocess.SubprocessHook"}
{"timestamp":"2026-09-12T04:52:05.796777","level":"info","event":"INFO:etl.load.raw_load:Успешно загружено 80 строк в raw.flights_2025","logger":"airflow.task.hooks.airflow.providers.standard.hooks.subprocess.SubprocessHook"}
{"timestamp":"2026-09-12T04:52:05.797079","level":"info","event":"INFO:__main__:Файл flights_2025.parquet успешно загружен","logger":"airflow.task.hooks.airflow.providers.standard.hooks.subprocess.SubprocessHook"}
{"timestamp":"2026-09-12T04:52:05.797170","level":"info","event":"INFO:__main__:Обработка файла weather_hourly_history.json","logger":"airflow.task.hooks.airflow.providers.standard.hooks.subprocess.SubprocessHook"}
{"timestamp":"2026-09-12T04:52:05.797222","level":"info","event":"INFO:etl.extract.json_source:Начинаем чтение файла weather_hourly_history.json","logger":"airflow.task.hooks.airflow.providers.standard.hooks.subprocess.SubprocessHook"}
{"timestamp":"2026-09-12T04:52:05.801957","level":"info","event":"INFO:etl.extract.json_source:Загружено 1 строк, 1 колонок","logger":"airflow.task.hooks.airflow.providers.standard.hooks.subprocess.SubprocessHook"}
{"timestamp":"2026-09-12T04:52:05.802971","level":"info","event":"INFO:etl.load.raw_load:Загрузка 1 строк в raw.weather_hourly_history","logger":"airflow.task.hooks.airflow.providers.standard.hooks.subprocess.SubprocessHook"}
{"timestamp":"2026-09-12T04:52:05.803204","level":"info","event":"INFO:etl.load.raw_load:Преобразование столбца weather_data в JSON","logger":"airflow.task.hooks.airflow.providers.standard.hooks.subprocess.SubprocessHook"}
{"timestamp":"2026-09-12T04:52:05.805725","level":"info","event":"INFO:etl.load.raw_load:Очистака таблицы raw.weather_hourly_history","logger":"airflow.task.hooks.airflow.providers.standard.hooks.subprocess.SubprocessHook"}
{"timestamp":"2026-09-12T04:52:05.821653","level":"info","event":"INFO:etl.load.raw_load:Успешно загружено 1 строк в raw.weather_hourly_history","logger":"airflow.task.hooks.airflow.providers.standard.hooks.subprocess.SubprocessHook"}
{"timestamp":"2026-09-12T04:52:05.821809","level":"info","event":"INFO:__main__:Файл weather_hourly_history.json успешно загружен","logger":"airflow.task.hooks.airflow.providers.standard.hooks.subprocess.SubprocessHook"}
{"timestamp":"2026-09-12T04:52:05.821840","level":"info","event":"INFO:__main__:Обработка файла airports.csv","logger":"airflow.task.hooks.airflow.providers.standard.hooks.subprocess.SubprocessHook"}
{"timestamp":"2026-09-12T04:52:05.851142","level":"info","event":"INFO:etl.extract.csv_source:Успешно прочитал airports.csv с кодировкой utf-8","logger":"airflow.task.hooks.airflow.providers.standard.hooks.subprocess.SubprocessHook"}
{"timestamp":"2026-09-12T04:52:05.852411","level":"info","event":"INFO:etl.load.raw_load:Загрузка 7676 строк в raw.airports","logger":"airflow.task.hooks.airflow.providers.standard.hooks.subprocess.SubprocessHook"}
{"timestamp":"2026-09-12T04:52:05.870010","level":"info","event":"INFO:etl.load.raw_load:Очистака таблицы raw.airports","logger":"airflow.task.hooks.airflow.providers.standard.hooks.subprocess.SubprocessHook"}
{"timestamp":"2026-09-12T04:52:06.784186","level":"info","event":"INFO:etl.load.raw_load:Успешно загружено 7676 строк в raw.airports","logger":"airflow.task.hooks.airflow.providers.standard.hooks.subprocess.SubprocessHook"}
{"timestamp":"2026-09-12T04:52:06.784428","level":"info","event":"INFO:__main__:Файл airports.csv успешно загружен","logger":"airflow.task.hooks.airflow.providers.standard.hooks.subprocess.SubprocessHook"}
{"timestamp":"2026-09-12T04:52:06.873140","level":"info","event":"Command exited with return code 0","logger":"airflow.task.hooks.airflow.providers.standard.hooks.subprocess.SubprocessHook"}
{"timestamp":"2026-09-12T04:52:06.875267","level":"info","event":"Pushing xcom","ti":"RuntimeTaskInstance(id=UUID('01a093f5-4f9e-703b-92b7-5a7ad13a8a23'), task_id='load_files', dag_id='monthly_data_pipeline', run_id='manual__2026-09-12T04:52:02.508509+00:00', try_number=1, map_index=-1, hostname='0545b1a0a6df', context_carrier=None, task=<Task(BashOperator): load_files>, bundle_instance=LocalDagBundle(name=dags-folder), max_tries=0, start_date=datetime.datetime(2026, 9, 12, 4, 52, 3, 204422, tzinfo=TzInfo(UTC)), end_date=None, state=<TaskInstanceState.RUNNING: 'running'>, is_mapped=False, rendered_map_index=None)","logger":"task"}
